# Secrets baseline for detect-secrets
# Run: detect-secrets scan --update .secrets.baseline
# This file will be updated when you run detect-secrets scan

{
  "version": "1.4.0",
  "plugins_used": [
    {
      "name": "AWSKeyDetector"
    },
    {
      "name": "Base64HighEntropyString"
    },
    {
      "name": "PrivateKeyDetector"
    }
  ],
  "results": {}
}
